Archive member included to satisfy reference by file (symbol)

c:/program files (x86)/atmel/studio/7.0/toolchain/avr8/avr8-gnu-toolchain/bin/../lib/gcc/avr/5.4.0/avr5\libgcc.a(_exit.o)
                              C:/Program Files (x86)/Atmel/Studio/7.0/Packs/atmel/ATmega_DFP/1.2.209/gcc/dev/atmega168a/avr5/crtatmega168a.o (exit)
c:/program files (x86)/atmel/studio/7.0/toolchain/avr8/avr8-gnu-toolchain/bin/../lib/gcc/avr/5.4.0/avr5\libgcc.a(_copy_data.o)
                              main.o (__do_copy_data)
c:/program files (x86)/atmel/studio/7.0/toolchain/avr8/avr8-gnu-toolchain/bin/../lib/gcc/avr/5.4.0/avr5\libgcc.a(_clear_bss.o)
                              main.o (__do_clear_bss)

Discarded input sections

 .data          0x00000000        0x0 C:/Program Files (x86)/Atmel/Studio/7.0/Packs/atmel/ATmega_DFP/1.2.209/gcc/dev/atmega168a/avr5/crtatmega168a.o
 .bss           0x00000000        0x0 C:/Program Files (x86)/Atmel/Studio/7.0/Packs/atmel/ATmega_DFP/1.2.209/gcc/dev/atmega168a/avr5/crtatmega168a.o
 .text          0x00000000        0x0 GPIO/GPIO.o
 .data          0x00000000        0x0 GPIO/GPIO.o
 .bss           0x00000000        0x0 GPIO/GPIO.o
 .text.gpioRead
                0x00000000       0x3c GPIO/GPIO.o
 .text          0x00000000        0x0 main.o
 .data          0x00000000        0x0 main.o
 .bss           0x00000000        0x0 main.o
 .text          0x00000000        0x0 nRF/nRF.o
 .data          0x00000000        0x0 nRF/nRF.o
 .bss           0x00000000        0x0 nRF/nRF.o
 .text.nRF24_TX_Mode
                0x00000000       0xd2 nRF/nRF.o
 .text.nRF24_SetRetries
                0x00000000       0x48 nRF/nRF.o
 .text.nRF24_EnableRXDataReadyIRQ
                0x00000000       0x76 nRF/nRF.o
 .text.nRF24_EnableTXDataSentIRQ
                0x00000000       0x76 nRF/nRF.o
 .text.nRF24_EnableMaxRetransmitIRQ
                0x00000000       0x76 nRF/nRF.o
 .text.nRF24_WriteTXPayload
                0x00000000       0x56 nRF/nRF.o
 .text.nRF24_WaitTX
                0x00000000       0xa6 nRF/nRF.o
 .text.nRF24_SendPacket
                0x00000000        0x2 nRF/nRF.o
 .text.nRF24_ReceivePacket
                0x00000000        0x2 nRF/nRF.o
 .text          0x00000000        0x0 SPI/SPI.o
 .data          0x00000000        0x0 SPI/SPI.o
 .bss           0x00000000        0x0 SPI/SPI.o
 .text.spiInit  0x00000000       0x16 SPI/SPI.o
 .text          0x00000000        0x0 c:/program files (x86)/atmel/studio/7.0/toolchain/avr8/avr8-gnu-toolchain/bin/../lib/gcc/avr/5.4.0/avr5\libgcc.a(_exit.o)
 .data          0x00000000        0x0 c:/program files (x86)/atmel/studio/7.0/toolchain/avr8/avr8-gnu-toolchain/bin/../lib/gcc/avr/5.4.0/avr5\libgcc.a(_exit.o)
 .bss           0x00000000        0x0 c:/program files (x86)/atmel/studio/7.0/toolchain/avr8/avr8-gnu-toolchain/bin/../lib/gcc/avr/5.4.0/avr5\libgcc.a(_exit.o)
 .text.libgcc.mul
                0x00000000        0x0 c:/program files (x86)/atmel/studio/7.0/toolchain/avr8/avr8-gnu-toolchain/bin/../lib/gcc/avr/5.4.0/avr5\libgcc.a(_exit.o)
 .text.libgcc.div
                0x00000000        0x0 c:/program files (x86)/atmel/studio/7.0/toolchain/avr8/avr8-gnu-toolchain/bin/../lib/gcc/avr/5.4.0/avr5\libgcc.a(_exit.o)
 .text.libgcc   0x00000000        0x0 c:/program files (x86)/atmel/studio/7.0/toolchain/avr8/avr8-gnu-toolchain/bin/../lib/gcc/avr/5.4.0/avr5\libgcc.a(_exit.o)
 .text.libgcc.prologue
                0x00000000        0x0 c:/program files (x86)/atmel/studio/7.0/toolchain/avr8/avr8-gnu-toolchain/bin/../lib/gcc/avr/5.4.0/avr5\libgcc.a(_exit.o)
 .text.libgcc.builtins
                0x00000000        0x0 c:/program files (x86)/atmel/studio/7.0/toolchain/avr8/avr8-gnu-toolchain/bin/../lib/gcc/avr/5.4.0/avr5\libgcc.a(_exit.o)
 .text.libgcc.fmul
                0x00000000        0x0 c:/program files (x86)/atmel/studio/7.0/toolchain/avr8/avr8-gnu-toolchain/bin/../lib/gcc/avr/5.4.0/avr5\libgcc.a(_exit.o)
 .text.libgcc.fixed
                0x00000000        0x0 c:/program files (x86)/atmel/studio/7.0/toolchain/avr8/avr8-gnu-toolchain/bin/../lib/gcc/avr/5.4.0/avr5\libgcc.a(_exit.o)
 .text          0x00000000        0x0 c:/program files (x86)/atmel/studio/7.0/toolchain/avr8/avr8-gnu-toolchain/bin/../lib/gcc/avr/5.4.0/avr5\libgcc.a(_copy_data.o)
 .data          0x00000000        0x0 c:/program files (x86)/atmel/studio/7.0/toolchain/avr8/avr8-gnu-toolchain/bin/../lib/gcc/avr/5.4.0/avr5\libgcc.a(_copy_data.o)
 .bss           0x00000000        0x0 c:/program files (x86)/atmel/studio/7.0/toolchain/avr8/avr8-gnu-toolchain/bin/../lib/gcc/avr/5.4.0/avr5\libgcc.a(_copy_data.o)
 .text.libgcc.mul
                0x00000000        0x0 c:/program files (x86)/atmel/studio/7.0/toolchain/avr8/avr8-gnu-toolchain/bin/../lib/gcc/avr/5.4.0/avr5\libgcc.a(_copy_data.o)
 .text.libgcc.div
                0x00000000        0x0 c:/program files (x86)/atmel/studio/7.0/toolchain/avr8/avr8-gnu-toolchain/bin/../lib/gcc/avr/5.4.0/avr5\libgcc.a(_copy_data.o)
 .text.libgcc   0x00000000        0x0 c:/program files (x86)/atmel/studio/7.0/toolchain/avr8/avr8-gnu-toolchain/bin/../lib/gcc/avr/5.4.0/avr5\libgcc.a(_copy_data.o)
 .text.libgcc.prologue
                0x00000000        0x0 c:/program files (x86)/atmel/studio/7.0/toolchain/avr8/avr8-gnu-toolchain/bin/../lib/gcc/avr/5.4.0/avr5\libgcc.a(_copy_data.o)
 .text.libgcc.builtins
                0x00000000        0x0 c:/program files (x86)/atmel/studio/7.0/toolchain/avr8/avr8-gnu-toolchain/bin/../lib/gcc/avr/5.4.0/avr5\libgcc.a(_copy_data.o)
 .text.libgcc.fmul
                0x00000000        0x0 c:/program files (x86)/atmel/studio/7.0/toolchain/avr8/avr8-gnu-toolchain/bin/../lib/gcc/avr/5.4.0/avr5\libgcc.a(_copy_data.o)
 .text.libgcc.fixed
                0x00000000        0x0 c:/program files (x86)/atmel/studio/7.0/toolchain/avr8/avr8-gnu-toolchain/bin/../lib/gcc/avr/5.4.0/avr5\libgcc.a(_copy_data.o)
 .text          0x00000000        0x0 c:/program files (x86)/atmel/studio/7.0/toolchain/avr8/avr8-gnu-toolchain/bin/../lib/gcc/avr/5.4.0/avr5\libgcc.a(_clear_bss.o)
 .data          0x00000000        0x0 c:/program files (x86)/atmel/studio/7.0/toolchain/avr8/avr8-gnu-toolchain/bin/../lib/gcc/avr/5.4.0/avr5\libgcc.a(_clear_bss.o)
 .bss           0x00000000        0x0 c:/program files (x86)/atmel/studio/7.0/toolchain/avr8/avr8-gnu-toolchain/bin/../lib/gcc/avr/5.4.0/avr5\libgcc.a(_clear_bss.o)
 .text.libgcc.mul
                0x00000000        0x0 c:/program files (x86)/atmel/studio/7.0/toolchain/avr8/avr8-gnu-toolchain/bin/../lib/gcc/avr/5.4.0/avr5\libgcc.a(_clear_bss.o)
 .text.libgcc.div
                0x00000000        0x0 c:/program files (x86)/atmel/studio/7.0/toolchain/avr8/avr8-gnu-toolchain/bin/../lib/gcc/avr/5.4.0/avr5\libgcc.a(_clear_bss.o)
 .text.libgcc   0x00000000        0x0 c:/program files (x86)/atmel/studio/7.0/toolchain/avr8/avr8-gnu-toolchain/bin/../lib/gcc/avr/5.4.0/avr5\libgcc.a(_clear_bss.o)
 .text.libgcc.prologue
                0x00000000        0x0 c:/program files (x86)/atmel/studio/7.0/toolchain/avr8/avr8-gnu-toolchain/bin/../lib/gcc/avr/5.4.0/avr5\libgcc.a(_clear_bss.o)
 .text.libgcc.builtins
                0x00000000        0x0 c:/program files (x86)/atmel/studio/7.0/toolchain/avr8/avr8-gnu-toolchain/bin/../lib/gcc/avr/5.4.0/avr5\libgcc.a(_clear_bss.o)
 .text.libgcc.fmul
                0x00000000        0x0 c:/program files (x86)/atmel/studio/7.0/toolchain/avr8/avr8-gnu-toolchain/bin/../lib/gcc/avr/5.4.0/avr5\libgcc.a(_clear_bss.o)
 .text.libgcc.fixed
                0x00000000        0x0 c:/program files (x86)/atmel/studio/7.0/toolchain/avr8/avr8-gnu-toolchain/bin/../lib/gcc/avr/5.4.0/avr5\libgcc.a(_clear_bss.o)

Memory Configuration

Name             Origin             Length             Attributes
text             0x00000000         0x00020000         xr
data             0x00800060         0x0000ffa0         rw !x
eeprom           0x00810000         0x00010000         rw !x
fuse             0x00820000         0x00000003         rw !x
lock             0x00830000         0x00000400         rw !x
signature        0x00840000         0x00000400         rw !x
user_signatures  0x00850000         0x00000400         rw !x
*default*        0x00000000         0xffffffff

Linker script and memory map

Address of section .data set to 0x800100
LOAD C:/Program Files (x86)/Atmel/Studio/7.0/Packs/atmel/ATmega_DFP/1.2.209/gcc/dev/atmega168a/avr5/crtatmega168a.o
LOAD GPIO/GPIO.o
LOAD main.o
LOAD nRF/nRF.o
LOAD SPI/SPI.o
START GROUP
LOAD c:/program files (x86)/atmel/studio/7.0/toolchain/avr8/avr8-gnu-toolchain/bin/../lib/gcc/avr/5.4.0/../../../../avr/lib/avr5\libm.a
END GROUP
START GROUP
LOAD c:/program files (x86)/atmel/studio/7.0/toolchain/avr8/avr8-gnu-toolchain/bin/../lib/gcc/avr/5.4.0/avr5\libgcc.a
LOAD c:/program files (x86)/atmel/studio/7.0/toolchain/avr8/avr8-gnu-toolchain/bin/../lib/gcc/avr/5.4.0/../../../../avr/lib/avr5\libm.a
LOAD c:/program files (x86)/atmel/studio/7.0/toolchain/avr8/avr8-gnu-toolchain/bin/../lib/gcc/avr/5.4.0/../../../../avr/lib/avr5\libc.a
LOAD C:/Program Files (x86)/Atmel/Studio/7.0/Packs/atmel/ATmega_DFP/1.2.209/gcc/dev/atmega168a/avr5\libatmega168a.a
END GROUP
                0x00020000                __TEXT_REGION_LENGTH__ = DEFINED (__TEXT_REGION_LENGTH__)?__TEXT_REGION_LENGTH__:0x20000
                0x0000ffa0                __DATA_REGION_LENGTH__ = DEFINED (__DATA_REGION_LENGTH__)?__DATA_REGION_LENGTH__:0xffa0
                0x00010000                __EEPROM_REGION_LENGTH__ = DEFINED (__EEPROM_REGION_LENGTH__)?__EEPROM_REGION_LENGTH__:0x10000
                [0x00000003]                __FUSE_REGION_LENGTH__ = DEFINED (__FUSE_REGION_LENGTH__)?__FUSE_REGION_LENGTH__:0x400
                0x00000400                __LOCK_REGION_LENGTH__ = DEFINED (__LOCK_REGION_LENGTH__)?__LOCK_REGION_LENGTH__:0x400
                0x00000400                __SIGNATURE_REGION_LENGTH__ = DEFINED (__SIGNATURE_REGION_LENGTH__)?__SIGNATURE_REGION_LENGTH__:0x400
                0x00000400                __USER_SIGNATURE_REGION_LENGTH__ = DEFINED (__USER_SIGNATURE_REGION_LENGTH__)?__USER_SIGNATURE_REGION_LENGTH__:0x400

.hash
 *(.hash)

.dynsym
 *(.dynsym)

.dynstr
 *(.dynstr)

.gnu.version
 *(.gnu.version)

.gnu.version_d
 *(.gnu.version_d)

.gnu.version_r
 *(.gnu.version_r)

.rel.init
 *(.rel.init)

.rela.init
 *(.rela.init)

.rel.text
 *(.rel.text)
 *(.rel.text.*)
 *(.rel.gnu.linkonce.t*)

.rela.text
 *(.rela.text)
 *(.rela.text.*)
 *(.rela.gnu.linkonce.t*)

.rel.fini
 *(.rel.fini)

.rela.fini
 *(.rela.fini)

.rel.rodata
 *(.rel.rodata)
 *(.rel.rodata.*)
 *(.rel.gnu.linkonce.r*)

.rela.rodata
 *(.rela.rodata)
 *(.rela.rodata.*)
 *(.rela.gnu.linkonce.r*)

.rel.data
 *(.rel.data)
 *(.rel.data.*)
 *(.rel.gnu.linkonce.d*)

.rela.data
 *(.rela.data)
 *(.rela.data.*)
 *(.rela.gnu.linkonce.d*)

.rel.ctors
 *(.rel.ctors)

.rela.ctors
 *(.rela.ctors)

.rel.dtors
 *(.rel.dtors)

.rela.dtors
 *(.rela.dtors)

.rel.got
 *(.rel.got)

.rela.got
 *(.rela.got)

.rel.bss
 *(.rel.bss)

.rela.bss
 *(.rela.bss)

.rel.plt
 *(.rel.plt)

.rela.plt
 *(.rela.plt)

.text           0x00000000     0x1534
 *(.vectors)
 .vectors       0x00000000       0x68 C:/Program Files (x86)/Atmel/Studio/7.0/Packs/atmel/ATmega_DFP/1.2.209/gcc/dev/atmega168a/avr5/crtatmega168a.o
                0x00000000                __vector_default
                0x00000000                __vectors
 *(.vectors)
 *(.progmem.gcc*)
                0x00000068                . = ALIGN (0x2)
                0x00000068                __trampolines_start = .
 *(.trampolines)
 .trampolines   0x00000068        0x0 linker stubs
 *(.trampolines*)
                0x00000068                __trampolines_end = .
 *libprintf_flt.a:*(.progmem.data)
 *libc.a:*(.progmem.data)
 *(.progmem*)
                0x00000068                . = ALIGN (0x2)
 *(.jumptables)
 *(.jumptables*)
 *(.lowtext)
 *(.lowtext*)
                0x00000068                __ctors_start = .
 *(.ctors)
                0x00000068                __ctors_end = .
                0x00000068                __dtors_start = .
 *(.dtors)
                0x00000068                __dtors_end = .
 SORT(*)(.ctors)
 SORT(*)(.dtors)
 *(.init0)
 .init0         0x00000068        0x0 C:/Program Files (x86)/Atmel/Studio/7.0/Packs/atmel/ATmega_DFP/1.2.209/gcc/dev/atmega168a/avr5/crtatmega168a.o
                0x00000068                __init
 *(.init0)
 *(.init1)
 *(.init1)
 *(.init2)
 .init2         0x00000068        0xc C:/Program Files (x86)/Atmel/Studio/7.0/Packs/atmel/ATmega_DFP/1.2.209/gcc/dev/atmega168a/avr5/crtatmega168a.o
 *(.init2)
 *(.init3)
 *(.init3)
 *(.init4)
 .init4         0x00000074       0x16 c:/program files (x86)/atmel/studio/7.0/toolchain/avr8/avr8-gnu-toolchain/bin/../lib/gcc/avr/5.4.0/avr5\libgcc.a(_copy_data.o)
                0x00000074                __do_copy_data
 .init4         0x0000008a       0x10 c:/program files (x86)/atmel/studio/7.0/toolchain/avr8/avr8-gnu-toolchain/bin/../lib/gcc/avr/5.4.0/avr5\libgcc.a(_clear_bss.o)
                0x0000008a                __do_clear_bss
 *(.init4)
 *(.init5)
 *(.init5)
 *(.init6)
 *(.init6)
 *(.init7)
 *(.init7)
 *(.init8)
 *(.init8)
 *(.init9)
 .init9         0x0000009a        0x8 C:/Program Files (x86)/Atmel/Studio/7.0/Packs/atmel/ATmega_DFP/1.2.209/gcc/dev/atmega168a/avr5/crtatmega168a.o
 *(.init9)
 *(.text)
 .text          0x000000a2        0x4 C:/Program Files (x86)/Atmel/Studio/7.0/Packs/atmel/ATmega_DFP/1.2.209/gcc/dev/atmega168a/avr5/crtatmega168a.o
                0x000000a2                __vector_22
                0x000000a2                __vector_1
                0x000000a2                __vector_24
                0x000000a2                __vector_12
                0x000000a2                __bad_interrupt
                0x000000a2                __vector_6
                0x000000a2                __vector_23
                0x000000a2                __vector_25
                0x000000a2                __vector_11
                0x000000a2                __vector_13
                0x000000a2                __vector_17
                0x000000a2                __vector_19
                0x000000a2                __vector_7
                0x000000a2                __vector_5
                0x000000a2                __vector_4
                0x000000a2                __vector_9
                0x000000a2                __vector_21
                0x000000a2                __vector_15
                0x000000a2                __vector_8
                0x000000a2                __vector_14
                0x000000a2                __vector_10
                0x000000a2                __vector_16
                0x000000a2                __vector_18
                0x000000a2                __vector_20
                0x000000a6                . = ALIGN (0x2)
 *(.text.*)
 .text.togglePin
                0x000000a6       0x4e GPIO/GPIO.o
                0x000000a6                togglePin
 .text.setPin   0x000000f4       0x4e GPIO/GPIO.o
                0x000000f4                setPin
 .text.clearPin
                0x00000142       0x50 GPIO/GPIO.o
                0x00000142                clearPin
 .text.setPinOutput
                0x00000192       0x4e GPIO/GPIO.o
                0x00000192                setPinOutput
 .text.setPinInput
                0x000001e0       0x50 GPIO/GPIO.o
                0x000001e0                setPinInput
 .text.__vector_2
                0x00000230       0x1e main.o
                0x00000230                __vector_2
 .text.__vector_3
                0x0000024e       0x20 main.o
                0x0000024e                __vector_3
 .text.main     0x0000026e      0x32e main.o
                0x0000026e                main
 .text.nRF24_WriteRegister
                0x0000059c       0x7a nRF/nRF.o
 .text.nRF24_ReadRegisters
                0x00000616       0xda nRF/nRF.o
 .text.nRF24_ReadRegister
                0x000006f0       0x9e nRF/nRF.o
 .text.nRF24_WriteRegisters
                0x0000078e       0xb8 nRF/nRF.o
 .text.nRF24_ReadConfig
                0x00000846       0x42 nRF/nRF.o
                0x00000846                nRF24_ReadConfig
 .text.nRF24_WriteConfig
                0x00000888       0x4c nRF/nRF.o
                0x00000888                nRF24_WriteConfig
 .text.nRF24_SetPALevel
                0x000008d4       0x68 nRF/nRF.o
                0x000008d4                nRF24_SetPALevel
 .text.nRF24_SetDataRate
                0x0000093c       0x76 nRF/nRF.o
                0x0000093c                nRF24_SetDataRate
 .text.nRF24_ReadStatus
                0x000009b2       0x42 nRF/nRF.o
                0x000009b2                nRF24_ReadStatus
 .text.nRF24_WriteStatus
                0x000009f4       0x4c nRF/nRF.o
                0x000009f4                nRF24_WriteStatus
 .text.nRF24_FlushRX
                0x00000a40       0x76 nRF/nRF.o
                0x00000a40                nRF24_FlushRX
 .text.nRF24_FlushTX
                0x00000ab6       0x76 nRF/nRF.o
                0x00000ab6                nRF24_FlushTX
 .text.nRF24_EnableCRC
                0x00000b2c       0x76 nRF/nRF.o
                0x00000b2c                nRF24_EnableCRC
 .text.nRF24_SetCRCLength
                0x00000ba2       0x78 nRF/nRF.o
                0x00000ba2                nRF24_SetCRCLength
 .text.nRF24_SetRFChannel
                0x00000c1a       0x4e nRF/nRF.o
                0x00000c1a                nRF24_SetRFChannel
 .text.nRF24_SetPayloadSize
                0x00000c68       0x60 nRF/nRF.o
                0x00000c68                nRF24_SetPayloadSize
 .text.nRF24_EnablePipe
                0x00000cc8       0xb0 nRF/nRF.o
                0x00000cc8                nRF24_EnablePipe
 .text.nRF24_AutoACK
                0x00000d78       0xb0 nRF/nRF.o
                0x00000d78                nRF24_AutoACK
 .text.nRF24_SetAddressWidth
                0x00000e28       0x6a nRF/nRF.o
                0x00000e28                nRF24_SetAddressWidth
 .text.nRF24_SetRXAddress
                0x00000e92       0x94 nRF/nRF.o
                0x00000e92                nRF24_SetRXAddress
 .text.nRF24_RX_Mode
                0x00000f26       0xfa nRF/nRF.o
                0x00000f26                nRF24_RX_Mode
 .text.nRF24_SetTXAddress
                0x00001020       0xc8 nRF/nRF.o
                0x00001020                nRF24_SetTXAddress
 .text.nRF24_ClearInterrupts
                0x000010e8       0x54 nRF/nRF.o
                0x000010e8                nRF24_ClearInterrupts
 .text.nRF24_ReadRXPaylaod
                0x0000113c       0xa6 nRF/nRF.o
                0x0000113c                nRF24_ReadRXPaylaod
 .text.nRF24_RXAvailible
                0x000011e2       0x60 nRF/nRF.o
                0x000011e2                nRF24_RXAvailible
 .text.nRF24_Init
                0x00001242      0x1a6 nRF/nRF.o
                0x00001242                nRF24_Init
 .text.spiTransreceive
                0x000013e8        0xc SPI/SPI.o
                0x000013e8                spiTransreceive
 .text.spiWrite
                0x000013f4       0x98 SPI/SPI.o
                0x000013f4                spiWrite
 .text.spiRead  0x0000148c       0xa4 SPI/SPI.o
                0x0000148c                spiRead
                0x00001530                . = ALIGN (0x2)
 *(.fini9)
 .fini9         0x00001530        0x0 c:/program files (x86)/atmel/studio/7.0/toolchain/avr8/avr8-gnu-toolchain/bin/../lib/gcc/avr/5.4.0/avr5\libgcc.a(_exit.o)
                0x00001530                _exit
                0x00001530                exit
 *(.fini9)
 *(.fini8)
 *(.fini8)
 *(.fini7)
 *(.fini7)
 *(.fini6)
 *(.fini6)
 *(.fini5)
 *(.fini5)
 *(.fini4)
 *(.fini4)
 *(.fini3)
 *(.fini3)
 *(.fini2)
 *(.fini2)
 *(.fini1)
 *(.fini1)
 *(.fini0)
 .fini0         0x00001530        0x4 c:/program files (x86)/atmel/studio/7.0/toolchain/avr8/avr8-gnu-toolchain/bin/../lib/gcc/avr/5.4.0/avr5\libgcc.a(_exit.o)
 *(.fini0)
                0x00001534                _etext = .

.data           0x00800100       0x56 load address 0x00001534
                0x00800100                PROVIDE (__data_start, .)
 *(.data)
 *(.data*)
 *(.gnu.linkonce.d*)
 *(.rodata)
 .rodata        0x00800100       0x4d main.o
 *(.rodata*)
 .rodata.str1.1
                0x0080014d        0x8 main.o
 *(.gnu.linkonce.r*)
                0x00800156                . = ALIGN (0x2)
 *fill*         0x00800155        0x1 
                0x00800156                _edata = .
                0x00800156                PROVIDE (__data_end, .)

.bss            0x00800156        0x5
                0x00800156                PROVIDE (__bss_start, .)
 *(.bss)
 *(.bss*)
 .bss.nrfDataInt
                0x00800156        0x1 main.o
                0x00800156                nrfDataInt
 .bss.alarmFlag
                0x00800157        0x1 main.o
                0x00800157                alarmFlag
 .bss.addr_p0_backup
                0x00800158        0x3 nRF/nRF.o
 *(COMMON)
                0x0080015b                PROVIDE (__bss_end, .)
                0x00001534                __data_load_start = LOADADDR (.data)
                0x0000158a                __data_load_end = (__data_load_start + SIZEOF (.data))

.noinit         0x0080015b        0x0
                [!provide]                PROVIDE (__noinit_start, .)
 *(.noinit*)
                [!provide]                PROVIDE (__noinit_end, .)
                0x0080015b                _end = .
                [!provide]                PROVIDE (__heap_start, .)

.eeprom         0x00810000        0x0
 *(.eeprom*)
                0x00810000                __eeprom_end = .

.fuse
 *(.fuse)
 *(.lfuse)
 *(.hfuse)
 *(.efuse)

.lock
 *(.lock*)

.signature
 *(.signature*)

.user_signatures
 *(.user_signatures*)

.stab
 *(.stab)

.stabstr
 *(.stabstr)

.stab.excl
 *(.stab.excl)

.stab.exclstr
 *(.stab.exclstr)

.stab.index
 *(.stab.index)

.stab.indexstr
 *(.stab.indexstr)

.comment        0x00000000       0x30
 *(.comment)
 .comment       0x00000000       0x30 GPIO/GPIO.o
                                 0x31 (size before relaxing)
 .comment       0x00000030       0x31 main.o
 .comment       0x00000030       0x31 nRF/nRF.o
 .comment       0x00000030       0x31 SPI/SPI.o

.note.gnu.avr.deviceinfo
                0x00000000       0x40
 .note.gnu.avr.deviceinfo
                0x00000000       0x40 C:/Program Files (x86)/Atmel/Studio/7.0/Packs/atmel/ATmega_DFP/1.2.209/gcc/dev/atmega168a/avr5/crtatmega168a.o

.note.gnu.build-id
 *(.note.gnu.build-id)

.debug
 *(.debug)

.line
 *(.line)

.debug_srcinfo
 *(.debug_srcinfo)

.debug_sfnames
 *(.debug_sfnames)

.debug_aranges  0x00000000      0x1e0
 *(.debug_aranges)
 .debug_aranges
                0x00000000       0x48 GPIO/GPIO.o
 .debug_aranges
                0x00000048       0x30 main.o
 .debug_aranges
                0x00000078      0x130 nRF/nRF.o
 .debug_aranges
                0x000001a8       0x38 SPI/SPI.o

.debug_pubnames
 *(.debug_pubnames)

.debug_info     0x00000000     0x22e4
 *(.debug_info .gnu.linkonce.wi.*)
 .debug_info    0x00000000      0x5f4 C:/Program Files (x86)/Atmel/Studio/7.0/Packs/atmel/ATmega_DFP/1.2.209/gcc/dev/atmega168a/avr5/crtatmega168a.o
 .debug_info    0x000005f4      0x1dc GPIO/GPIO.o
 .debug_info    0x000007d0      0x404 main.o
 .debug_info    0x00000bd4     0x14ea nRF/nRF.o
 .debug_info    0x000020be      0x226 SPI/SPI.o

.debug_abbrev   0x00000000      0xbd3
 *(.debug_abbrev)
 .debug_abbrev  0x00000000      0x5a2 C:/Program Files (x86)/Atmel/Studio/7.0/Packs/atmel/ATmega_DFP/1.2.209/gcc/dev/atmega168a/avr5/crtatmega168a.o
 .debug_abbrev  0x000005a2       0xa8 GPIO/GPIO.o
 .debug_abbrev  0x0000064a      0x169 main.o
 .debug_abbrev  0x000007b3      0x2f2 nRF/nRF.o
 .debug_abbrev  0x00000aa5      0x12e SPI/SPI.o

.debug_line     0x00000000      0xdb0
 *(.debug_line .debug_line.* .debug_line_end)
 .debug_line    0x00000000      0x133 C:/Program Files (x86)/Atmel/Studio/7.0/Packs/atmel/ATmega_DFP/1.2.209/gcc/dev/atmega168a/avr5/crtatmega168a.o
 .debug_line    0x00000133      0x140 GPIO/GPIO.o
 .debug_line    0x00000273      0x25f main.o
 .debug_line    0x000004d2      0x76d nRF/nRF.o
 .debug_line    0x00000c3f      0x171 SPI/SPI.o

.debug_frame    0x00000000      0x988
 *(.debug_frame)
 .debug_frame   0x00000000       0xd4 GPIO/GPIO.o
 .debug_frame   0x000000d4       0x74 main.o
 .debug_frame   0x00000148      0x784 nRF/nRF.o
 .debug_frame   0x000008cc       0xbc SPI/SPI.o

.debug_str      0x00000000      0x7ed
 *(.debug_str)
 .debug_str     0x00000000      0x208 C:/Program Files (x86)/Atmel/Studio/7.0/Packs/atmel/ATmega_DFP/1.2.209/gcc/dev/atmega168a/avr5/crtatmega168a.o
 .debug_str     0x00000208      0x19f GPIO/GPIO.o
                                0x1d3 (size before relaxing)
 .debug_str     0x000003a7      0x12e main.o
                                0x2e9 (size before relaxing)
 .debug_str     0x000004d5      0x2f3 nRF/nRF.o
                                0x54c (size before relaxing)
 .debug_str     0x000007c8       0x25 SPI/SPI.o
                                0x1d3 (size before relaxing)

.debug_loc      0x00000000     0x228f
 *(.debug_loc)
 .debug_loc     0x00000000      0x1aa GPIO/GPIO.o
 .debug_loc     0x000001aa      0x108 main.o
 .debug_loc     0x000002b2     0x1d84 nRF/nRF.o
 .debug_loc     0x00002036      0x259 SPI/SPI.o

.debug_macinfo
 *(.debug_macinfo)

.debug_weaknames
 *(.debug_weaknames)

.debug_funcnames
 *(.debug_funcnames)

.debug_typenames
 *(.debug_typenames)

.debug_varnames
 *(.debug_varnames)

.debug_pubtypes
 *(.debug_pubtypes)

.debug_ranges   0x00000000      0x1a0
 *(.debug_ranges)
 .debug_ranges  0x00000000       0x38 GPIO/GPIO.o
 .debug_ranges  0x00000038       0x20 main.o
 .debug_ranges  0x00000058      0x120 nRF/nRF.o
 .debug_ranges  0x00000178       0x28 SPI/SPI.o

.debug_macro
 *(.debug_macro)
OUTPUT(Program_nRF.elf elf32-avr)
LOAD linker stubs
