Archive member included to satisfy reference by file (symbol)

c:/program files (x86)/atmel/studio/7.0/toolchain/avr8/avr8-gnu-toolchain/bin/../lib/gcc/avr/5.4.0/avr5\libgcc.a(_exit.o)
                              C:/Program Files (x86)/Atmel/Studio/7.0/Packs/atmel/ATmega_DFP/1.2.209/gcc/dev/atmega168a/avr5/crtatmega168a.o (exit)
c:/program files (x86)/atmel/studio/7.0/toolchain/avr8/avr8-gnu-toolchain/bin/../lib/gcc/avr/5.4.0/avr5\libgcc.a(_copy_data.o)
                              main.o (__do_copy_data)
c:/program files (x86)/atmel/studio/7.0/toolchain/avr8/avr8-gnu-toolchain/bin/../lib/gcc/avr/5.4.0/avr5\libgcc.a(_clear_bss.o)
                              main.o (__do_clear_bss)

Allocating common symbols
Common symbol       size              file

nrf24_rx_flag       0x1               main.o
nrf24_mr_flag       0x1               main.o
nrf24_tx_flag       0x1               main.o

Discarded input sections

 .data          0x00000000        0x0 C:/Program Files (x86)/Atmel/Studio/7.0/Packs/atmel/ATmega_DFP/1.2.209/gcc/dev/atmega168a/avr5/crtatmega168a.o
 .bss           0x00000000        0x0 C:/Program Files (x86)/Atmel/Studio/7.0/Packs/atmel/ATmega_DFP/1.2.209/gcc/dev/atmega168a/avr5/crtatmega168a.o
 .text          0x00000000        0x0 GPIO/GPIO.o
 .data          0x00000000        0x0 GPIO/GPIO.o
 .bss           0x00000000        0x0 GPIO/GPIO.o
 .text.gpioRead
                0x00000000       0x3c GPIO/GPIO.o
 .text          0x00000000        0x0 main.o
 .data          0x00000000        0x0 main.o
 .bss           0x00000000        0x0 main.o
 .bss.nrfDataInt
                0x00000000        0x1 main.o
 COMMON         0x00000000        0x3 main.o
 .text          0x00000000        0x0 nRF/nRF.o
 .data          0x00000000        0x0 nRF/nRF.o
 .bss           0x00000000        0x0 nRF/nRF.o
 .text.nRF24_SetRetries
                0x00000000       0x14 nRF/nRF.o
 .text.nRF24_RX_Mode
                0x00000000       0x52 nRF/nRF.o
 .text.nRF24_ReadRXPaylaod
                0x00000000       0x24 nRF/nRF.o
 .text.nRF24_SendPacket
                0x00000000        0x2 nRF/nRF.o
 .text.nRF24_ReceivePacket
                0x00000000        0x2 nRF/nRF.o
 .text.nRF24_RXAvailible
                0x00000000       0x1e nRF/nRF.o
 .text.nRF24_IRQ_Handler
                0x00000000       0x42 nRF/nRF.o
 .text          0x00000000        0x0 SPI/SPI.o
 .data          0x00000000        0x0 SPI/SPI.o
 .bss           0x00000000        0x0 SPI/SPI.o
 .text          0x00000000        0x0 UART/uart.o
 .data          0x00000000        0x0 UART/uart.o
 .bss           0x00000000        0x0 UART/uart.o
 .text          0x00000000        0x0 c:/program files (x86)/atmel/studio/7.0/toolchain/avr8/avr8-gnu-toolchain/bin/../lib/gcc/avr/5.4.0/avr5\libgcc.a(_exit.o)
 .data          0x00000000        0x0 c:/program files (x86)/atmel/studio/7.0/toolchain/avr8/avr8-gnu-toolchain/bin/../lib/gcc/avr/5.4.0/avr5\libgcc.a(_exit.o)
 .bss           0x00000000        0x0 c:/program files (x86)/atmel/studio/7.0/toolchain/avr8/avr8-gnu-toolchain/bin/../lib/gcc/avr/5.4.0/avr5\libgcc.a(_exit.o)
 .text.libgcc.mul
                0x00000000        0x0 c:/program files (x86)/atmel/studio/7.0/toolchain/avr8/avr8-gnu-toolchain/bin/../lib/gcc/avr/5.4.0/avr5\libgcc.a(_exit.o)
 .text.libgcc.div
                0x00000000        0x0 c:/program files (x86)/atmel/studio/7.0/toolchain/avr8/avr8-gnu-toolchain/bin/../lib/gcc/avr/5.4.0/avr5\libgcc.a(_exit.o)
 .text.libgcc   0x00000000        0x0 c:/program files (x86)/atmel/studio/7.0/toolchain/avr8/avr8-gnu-toolchain/bin/../lib/gcc/avr/5.4.0/avr5\libgcc.a(_exit.o)
 .text.libgcc.prologue
                0x00000000        0x0 c:/program files (x86)/atmel/studio/7.0/toolchain/avr8/avr8-gnu-toolchain/bin/../lib/gcc/avr/5.4.0/avr5\libgcc.a(_exit.o)
 .text.libgcc.builtins
                0x00000000        0x0 c:/program files (x86)/atmel/studio/7.0/toolchain/avr8/avr8-gnu-toolchain/bin/../lib/gcc/avr/5.4.0/avr5\libgcc.a(_exit.o)
 .text.libgcc.fmul
                0x00000000        0x0 c:/program files (x86)/atmel/studio/7.0/toolchain/avr8/avr8-gnu-toolchain/bin/../lib/gcc/avr/5.4.0/avr5\libgcc.a(_exit.o)
 .text.libgcc.fixed
                0x00000000        0x0 c:/program files (x86)/atmel/studio/7.0/toolchain/avr8/avr8-gnu-toolchain/bin/../lib/gcc/avr/5.4.0/avr5\libgcc.a(_exit.o)
 .text          0x00000000        0x0 c:/program files (x86)/atmel/studio/7.0/toolchain/avr8/avr8-gnu-toolchain/bin/../lib/gcc/avr/5.4.0/avr5\libgcc.a(_copy_data.o)
 .data          0x00000000        0x0 c:/program files (x86)/atmel/studio/7.0/toolchain/avr8/avr8-gnu-toolchain/bin/../lib/gcc/avr/5.4.0/avr5\libgcc.a(_copy_data.o)
 .bss           0x00000000        0x0 c:/program files (x86)/atmel/studio/7.0/toolchain/avr8/avr8-gnu-toolchain/bin/../lib/gcc/avr/5.4.0/avr5\libgcc.a(_copy_data.o)
 .text.libgcc.mul
                0x00000000        0x0 c:/program files (x86)/atmel/studio/7.0/toolchain/avr8/avr8-gnu-toolchain/bin/../lib/gcc/avr/5.4.0/avr5\libgcc.a(_copy_data.o)
 .text.libgcc.div
                0x00000000        0x0 c:/program files (x86)/atmel/studio/7.0/toolchain/avr8/avr8-gnu-toolchain/bin/../lib/gcc/avr/5.4.0/avr5\libgcc.a(_copy_data.o)
 .text.libgcc   0x00000000        0x0 c:/program files (x86)/atmel/studio/7.0/toolchain/avr8/avr8-gnu-toolchain/bin/../lib/gcc/avr/5.4.0/avr5\libgcc.a(_copy_data.o)
 .text.libgcc.prologue
                0x00000000        0x0 c:/program files (x86)/atmel/studio/7.0/toolchain/avr8/avr8-gnu-toolchain/bin/../lib/gcc/avr/5.4.0/avr5\libgcc.a(_copy_data.o)
 .text.libgcc.builtins
                0x00000000        0x0 c:/program files (x86)/atmel/studio/7.0/toolchain/avr8/avr8-gnu-toolchain/bin/../lib/gcc/avr/5.4.0/avr5\libgcc.a(_copy_data.o)
 .text.libgcc.fmul
                0x00000000        0x0 c:/program files (x86)/atmel/studio/7.0/toolchain/avr8/avr8-gnu-toolchain/bin/../lib/gcc/avr/5.4.0/avr5\libgcc.a(_copy_data.o)
 .text.libgcc.fixed
                0x00000000        0x0 c:/program files (x86)/atmel/studio/7.0/toolchain/avr8/avr8-gnu-toolchain/bin/../lib/gcc/avr/5.4.0/avr5\libgcc.a(_copy_data.o)
 .text          0x00000000        0x0 c:/program files (x86)/atmel/studio/7.0/toolchain/avr8/avr8-gnu-toolchain/bin/../lib/gcc/avr/5.4.0/avr5\libgcc.a(_clear_bss.o)
 .data          0x00000000        0x0 c:/program files (x86)/atmel/studio/7.0/toolchain/avr8/avr8-gnu-toolchain/bin/../lib/gcc/avr/5.4.0/avr5\libgcc.a(_clear_bss.o)
 .bss           0x00000000        0x0 c:/program files (x86)/atmel/studio/7.0/toolchain/avr8/avr8-gnu-toolchain/bin/../lib/gcc/avr/5.4.0/avr5\libgcc.a(_clear_bss.o)
 .text.libgcc.mul
                0x00000000        0x0 c:/program files (x86)/atmel/studio/7.0/toolchain/avr8/avr8-gnu-toolchain/bin/../lib/gcc/avr/5.4.0/avr5\libgcc.a(_clear_bss.o)
 .text.libgcc.div
                0x00000000        0x0 c:/program files (x86)/atmel/studio/7.0/toolchain/avr8/avr8-gnu-toolchain/bin/../lib/gcc/avr/5.4.0/avr5\libgcc.a(_clear_bss.o)
 .text.libgcc   0x00000000        0x0 c:/program files (x86)/atmel/studio/7.0/toolchain/avr8/avr8-gnu-toolchain/bin/../lib/gcc/avr/5.4.0/avr5\libgcc.a(_clear_bss.o)
 .text.libgcc.prologue
                0x00000000        0x0 c:/program files (x86)/atmel/studio/7.0/toolchain/avr8/avr8-gnu-toolchain/bin/../lib/gcc/avr/5.4.0/avr5\libgcc.a(_clear_bss.o)
 .text.libgcc.builtins
                0x00000000        0x0 c:/program files (x86)/atmel/studio/7.0/toolchain/avr8/avr8-gnu-toolchain/bin/../lib/gcc/avr/5.4.0/avr5\libgcc.a(_clear_bss.o)
 .text.libgcc.fmul
                0x00000000        0x0 c:/program files (x86)/atmel/studio/7.0/toolchain/avr8/avr8-gnu-toolchain/bin/../lib/gcc/avr/5.4.0/avr5\libgcc.a(_clear_bss.o)
 .text.libgcc.fixed
                0x00000000        0x0 c:/program files (x86)/atmel/studio/7.0/toolchain/avr8/avr8-gnu-toolchain/bin/../lib/gcc/avr/5.4.0/avr5\libgcc.a(_clear_bss.o)

Memory Configuration

Name             Origin             Length             Attributes
text             0x00000000         0x00020000         xr
data             0x00800060         0x0000ffa0         rw !x
eeprom           0x00810000         0x00010000         rw !x
fuse             0x00820000         0x00000003         rw !x
lock             0x00830000         0x00000400         rw !x
signature        0x00840000         0x00000400         rw !x
user_signatures  0x00850000         0x00000400         rw !x
*default*        0x00000000         0xffffffff

Linker script and memory map

Address of section .data set to 0x800100
LOAD C:/Program Files (x86)/Atmel/Studio/7.0/Packs/atmel/ATmega_DFP/1.2.209/gcc/dev/atmega168a/avr5/crtatmega168a.o
LOAD GPIO/GPIO.o
LOAD main.o
LOAD nRF/nRF.o
LOAD SPI/SPI.o
LOAD UART/uart.o
START GROUP
LOAD c:/program files (x86)/atmel/studio/7.0/toolchain/avr8/avr8-gnu-toolchain/bin/../lib/gcc/avr/5.4.0/../../../../avr/lib/avr5\libm.a
END GROUP
START GROUP
LOAD c:/program files (x86)/atmel/studio/7.0/toolchain/avr8/avr8-gnu-toolchain/bin/../lib/gcc/avr/5.4.0/avr5\libgcc.a
LOAD c:/program files (x86)/atmel/studio/7.0/toolchain/avr8/avr8-gnu-toolchain/bin/../lib/gcc/avr/5.4.0/../../../../avr/lib/avr5\libm.a
LOAD c:/program files (x86)/atmel/studio/7.0/toolchain/avr8/avr8-gnu-toolchain/bin/../lib/gcc/avr/5.4.0/../../../../avr/lib/avr5\libc.a
LOAD C:/Program Files (x86)/Atmel/Studio/7.0/Packs/atmel/ATmega_DFP/1.2.209/gcc/dev/atmega168a/avr5\libatmega168a.a
END GROUP
                0x00020000                __TEXT_REGION_LENGTH__ = DEFINED (__TEXT_REGION_LENGTH__)?__TEXT_REGION_LENGTH__:0x20000
                0x0000ffa0                __DATA_REGION_LENGTH__ = DEFINED (__DATA_REGION_LENGTH__)?__DATA_REGION_LENGTH__:0xffa0
                0x00010000                __EEPROM_REGION_LENGTH__ = DEFINED (__EEPROM_REGION_LENGTH__)?__EEPROM_REGION_LENGTH__:0x10000
                [0x00000003]                __FUSE_REGION_LENGTH__ = DEFINED (__FUSE_REGION_LENGTH__)?__FUSE_REGION_LENGTH__:0x400
                0x00000400                __LOCK_REGION_LENGTH__ = DEFINED (__LOCK_REGION_LENGTH__)?__LOCK_REGION_LENGTH__:0x400
                0x00000400                __SIGNATURE_REGION_LENGTH__ = DEFINED (__SIGNATURE_REGION_LENGTH__)?__SIGNATURE_REGION_LENGTH__:0x400
                0x00000400                __USER_SIGNATURE_REGION_LENGTH__ = DEFINED (__USER_SIGNATURE_REGION_LENGTH__)?__USER_SIGNATURE_REGION_LENGTH__:0x400

.hash
 *(.hash)

.dynsym
 *(.dynsym)

.dynstr
 *(.dynstr)

.gnu.version
 *(.gnu.version)

.gnu.version_d
 *(.gnu.version_d)

.gnu.version_r
 *(.gnu.version_r)

.rel.init
 *(.rel.init)

.rela.init
 *(.rela.init)

.rel.text
 *(.rel.text)
 *(.rel.text.*)
 *(.rel.gnu.linkonce.t*)

.rela.text
 *(.rela.text)
 *(.rela.text.*)
 *(.rela.gnu.linkonce.t*)

.rel.fini
 *(.rel.fini)

.rela.fini
 *(.rela.fini)

.rel.rodata
 *(.rel.rodata)
 *(.rel.rodata.*)
 *(.rel.gnu.linkonce.r*)

.rela.rodata
 *(.rela.rodata)
 *(.rela.rodata.*)
 *(.rela.gnu.linkonce.r*)

.rel.data
 *(.rel.data)
 *(.rel.data.*)
 *(.rel.gnu.linkonce.d*)

.rela.data
 *(.rela.data)
 *(.rela.data.*)
 *(.rela.gnu.linkonce.d*)

.rel.ctors
 *(.rel.ctors)

.rela.ctors
 *(.rela.ctors)

.rel.dtors
 *(.rel.dtors)

.rela.dtors
 *(.rela.dtors)

.rel.got
 *(.rel.got)

.rela.got
 *(.rela.got)

.rel.bss
 *(.rel.bss)

.rela.bss
 *(.rela.bss)

.rel.plt
 *(.rel.plt)

.rela.plt
 *(.rela.plt)

.text           0x00000000      0xf02
 *(.vectors)
 .vectors       0x00000000       0x68 C:/Program Files (x86)/Atmel/Studio/7.0/Packs/atmel/ATmega_DFP/1.2.209/gcc/dev/atmega168a/avr5/crtatmega168a.o
                0x00000000                __vector_default
                0x00000000                __vectors
 *(.vectors)
 *(.progmem.gcc*)
                0x00000068                . = ALIGN (0x2)
                0x00000068                __trampolines_start = .
 *(.trampolines)
 .trampolines   0x00000068        0x0 linker stubs
 *(.trampolines*)
                0x00000068                __trampolines_end = .
 *libprintf_flt.a:*(.progmem.data)
 *libc.a:*(.progmem.data)
 *(.progmem*)
                0x00000068                . = ALIGN (0x2)
 *(.jumptables)
 *(.jumptables*)
 *(.lowtext)
 *(.lowtext*)
                0x00000068                __ctors_start = .
 *(.ctors)
                0x00000068                __ctors_end = .
                0x00000068                __dtors_start = .
 *(.dtors)
                0x00000068                __dtors_end = .
 SORT(*)(.ctors)
 SORT(*)(.dtors)
 *(.init0)
 .init0         0x00000068        0x0 C:/Program Files (x86)/Atmel/Studio/7.0/Packs/atmel/ATmega_DFP/1.2.209/gcc/dev/atmega168a/avr5/crtatmega168a.o
                0x00000068                __init
 *(.init0)
 *(.init1)
 *(.init1)
 *(.init2)
 .init2         0x00000068        0xc C:/Program Files (x86)/Atmel/Studio/7.0/Packs/atmel/ATmega_DFP/1.2.209/gcc/dev/atmega168a/avr5/crtatmega168a.o
 *(.init2)
 *(.init3)
 *(.init3)
 *(.init4)
 .init4         0x00000074       0x16 c:/program files (x86)/atmel/studio/7.0/toolchain/avr8/avr8-gnu-toolchain/bin/../lib/gcc/avr/5.4.0/avr5\libgcc.a(_copy_data.o)
                0x00000074                __do_copy_data
 .init4         0x0000008a       0x10 c:/program files (x86)/atmel/studio/7.0/toolchain/avr8/avr8-gnu-toolchain/bin/../lib/gcc/avr/5.4.0/avr5\libgcc.a(_clear_bss.o)
                0x0000008a                __do_clear_bss
 *(.init4)
 *(.init5)
 *(.init5)
 *(.init6)
 *(.init6)
 *(.init7)
 *(.init7)
 *(.init8)
 *(.init8)
 *(.init9)
 .init9         0x0000009a        0x8 C:/Program Files (x86)/Atmel/Studio/7.0/Packs/atmel/ATmega_DFP/1.2.209/gcc/dev/atmega168a/avr5/crtatmega168a.o
 *(.init9)
 *(.text)
 .text          0x000000a2        0x4 C:/Program Files (x86)/Atmel/Studio/7.0/Packs/atmel/ATmega_DFP/1.2.209/gcc/dev/atmega168a/avr5/crtatmega168a.o
                0x000000a2                __vector_22
                0x000000a2                __vector_1
                0x000000a2                __vector_24
                0x000000a2                __vector_12
                0x000000a2                __bad_interrupt
                0x000000a2                __vector_6
                0x000000a2                __vector_3
                0x000000a2                __vector_23
                0x000000a2                __vector_25
                0x000000a2                __vector_11
                0x000000a2                __vector_13
                0x000000a2                __vector_17
                0x000000a2                __vector_19
                0x000000a2                __vector_7
                0x000000a2                __vector_5
                0x000000a2                __vector_4
                0x000000a2                __vector_9
                0x000000a2                __vector_21
                0x000000a2                __vector_15
                0x000000a2                __vector_8
                0x000000a2                __vector_14
                0x000000a2                __vector_10
                0x000000a2                __vector_16
                0x000000a2                __vector_18
                0x000000a2                __vector_20
                0x000000a6                . = ALIGN (0x2)
 *(.text.*)
 .text.togglePin
                0x000000a6       0x4e GPIO/GPIO.o
                0x000000a6                togglePin
 .text.setPin   0x000000f4       0x4e GPIO/GPIO.o
                0x000000f4                setPin
 .text.clearPin
                0x00000142       0x50 GPIO/GPIO.o
                0x00000142                clearPin
 .text.setPinOutput
                0x00000192       0x4e GPIO/GPIO.o
                0x00000192                setPinOutput
 .text.setPinInput
                0x000001e0       0x50 GPIO/GPIO.o
                0x000001e0                setPinInput
 .text.__vector_2
                0x00000230       0x1e main.o
                0x00000230                __vector_2
 .text.main     0x0000024e      0x32a main.o
                0x0000024e                main
 .text.nRF24_Delay
                0x00000578       0x22 nRF/nRF.o
 .text.nRF24_SendSpi
                0x0000059a       0x36 nRF/nRF.o
 .text.nRF24_WriteRegister
                0x000005d0       0x64 nRF/nRF.o
 .text.nRF24_WriteRegisters
                0x00000634       0x78 nRF/nRF.o
 .text.nRF24_ReadRegister
                0x000006ac       0x9c nRF/nRF.o
 .text.nRF24_ReadRegisters
                0x00000748       0x9e nRF/nRF.o
 .text.nRF24_ReadConfig
                0x000007e6        0x8 nRF/nRF.o
                0x000007e6                nRF24_ReadConfig
 .text.nRF24_WriteConfig
                0x000007ee        0xa nRF/nRF.o
                0x000007ee                nRF24_WriteConfig
 .text.nRF24_SetPALevel
                0x000007f8       0x1c nRF/nRF.o
                0x000007f8                nRF24_SetPALevel
 .text.nRF24_SetDataRate
                0x00000814       0x26 nRF/nRF.o
                0x00000814                nRF24_SetDataRate
 .text.nRF24_ReadStatus
                0x0000083a        0x8 nRF/nRF.o
                0x0000083a                nRF24_ReadStatus
 .text.nRF24_WriteStatus
                0x00000842        0xa nRF/nRF.o
                0x00000842                nRF24_WriteStatus
 .text.nRF24_FlushRX
                0x0000084c       0x60 nRF/nRF.o
                0x0000084c                nRF24_FlushRX
 .text.nRF24_FlushTX
                0x000008ac       0x60 nRF/nRF.o
                0x000008ac                nRF24_FlushTX
 .text.nRF24_TX_Mode
                0x0000090c       0x42 nRF/nRF.o
                0x0000090c                nRF24_TX_Mode
 .text.nRF24_EnableCRC
                0x0000094e       0x1a nRF/nRF.o
                0x0000094e                nRF24_EnableCRC
 .text.nRF24_SetCRCLength
                0x00000968       0x1a nRF/nRF.o
                0x00000968                nRF24_SetCRCLength
 .text.nRF24_SetRFChannel
                0x00000982        0xc nRF/nRF.o
                0x00000982                nRF24_SetRFChannel
 .text.nRF24_SetPayloadSize
                0x0000098e       0x10 nRF/nRF.o
                0x0000098e                nRF24_SetPayloadSize
 .text.nRF24_EnablePipe
                0x0000099e       0x4c nRF/nRF.o
                0x0000099e                nRF24_EnablePipe
 .text.nRF24_AutoACK
                0x000009ea       0x4c nRF/nRF.o
                0x000009ea                nRF24_AutoACK
 .text.nRF24_SetAddressWidth
                0x00000a36       0x1a nRF/nRF.o
                0x00000a36                nRF24_SetAddressWidth
 .text.nRF24_SetRXAddress
                0x00000a50       0x44 nRF/nRF.o
                0x00000a50                nRF24_SetRXAddress
 .text.nRF24_SetTXAddress
                0x00000a94       0x6a nRF/nRF.o
                0x00000a94                nRF24_SetTXAddress
 .text.nRF24_ClearInterrupts
                0x00000afe        0xc nRF/nRF.o
                0x00000afe                nRF24_ClearInterrupts
 .text.nRF24_EnableRXDataReadyIRQ
                0x00000b0a       0x1a nRF/nRF.o
                0x00000b0a                nRF24_EnableRXDataReadyIRQ
 .text.nRF24_EnableTXDataSentIRQ
                0x00000b24       0x1a nRF/nRF.o
                0x00000b24                nRF24_EnableTXDataSentIRQ
 .text.nRF24_EnableMaxRetransmitIRQ
                0x00000b3e       0x1a nRF/nRF.o
                0x00000b3e                nRF24_EnableMaxRetransmitIRQ
 .text.nRF24_WriteTXPayload
                0x00000b58        0xc nRF/nRF.o
                0x00000b58                nRF24_WriteTXPayload
 .text.nRF24_WaitTX
                0x00000b64       0x72 nRF/nRF.o
                0x00000b64                nRF24_WaitTX
 .text.nRF24_Init
                0x00000bd6      0x13a nRF/nRF.o
                0x00000bd6                nRF24_Init
 .text.spiInit  0x00000d10       0x16 SPI/SPI.o
                0x00000d10                spiInit
 .text.spiTransreceive
                0x00000d26        0xc SPI/SPI.o
                0x00000d26                spiTransreceive
 .text.spiWrite
                0x00000d32       0x98 SPI/SPI.o
                0x00000d32                spiWrite
 .text.spiRead  0x00000dca       0xa4 SPI/SPI.o
                0x00000dca                spiRead
 .text.uartInit
                0x00000e6e       0x1c UART/uart.o
                0x00000e6e                uartInit
 .text.uartSendChar
                0x00000e8a       0x10 UART/uart.o
                0x00000e8a                uartSendChar
 .text.uartSendString
                0x00000e9a       0x1e UART/uart.o
                0x00000e9a                uartSendString
 .text.uartSendHex
                0x00000eb8       0x46 UART/uart.o
                0x00000eb8                uartSendHex
                0x00000efe                . = ALIGN (0x2)
 *(.fini9)
 .fini9         0x00000efe        0x0 c:/program files (x86)/atmel/studio/7.0/toolchain/avr8/avr8-gnu-toolchain/bin/../lib/gcc/avr/5.4.0/avr5\libgcc.a(_exit.o)
                0x00000efe                _exit
                0x00000efe                exit
 *(.fini9)
 *(.fini8)
 *(.fini8)
 *(.fini7)
 *(.fini7)
 *(.fini6)
 *(.fini6)
 *(.fini5)
 *(.fini5)
 *(.fini4)
 *(.fini4)
 *(.fini3)
 *(.fini3)
 *(.fini2)
 *(.fini2)
 *(.fini1)
 *(.fini1)
 *(.fini0)
 .fini0         0x00000efe        0x4 c:/program files (x86)/atmel/studio/7.0/toolchain/avr8/avr8-gnu-toolchain/bin/../lib/gcc/avr/5.4.0/avr5\libgcc.a(_exit.o)
 *(.fini0)
                0x00000f02                _etext = .

.data           0x00800100       0x7c load address 0x00000f02
                0x00800100                PROVIDE (__data_start, .)
 *(.data)
 *(.data*)
 .data.alarmLed
                0x00800100        0x7 main.o
                0x00800100                alarmLed
 *(.gnu.linkonce.d*)
 *(.rodata)
 .rodata        0x00800107       0x46 main.o
 *(.rodata*)
 .rodata.str1.1
                0x0080014d       0x17 main.o
 .rodata.str1.1
                0x00800164       0x17 nRF/nRF.o
                                 0x1a (size before relaxing)
 *(.gnu.linkonce.r*)
                0x0080017c                . = ALIGN (0x2)
 *fill*         0x0080017b        0x1 
                0x0080017c                _edata = .
                0x0080017c                PROVIDE (__data_end, .)

.bss            0x0080017c       0x12
                0x0080017c                PROVIDE (__bss_start, .)
 *(.bss)
 *(.bss*)
 .bss.alarmFlag
                0x0080017c        0x1 main.o
                0x0080017c                alarmFlag
 .bss.CE        0x0080017d        0x7 nRF/nRF.o
 .bss.nSS       0x00800184        0x7 nRF/nRF.o
 .bss.addr_p0_backup
                0x0080018b        0x3 nRF/nRF.o
 *(COMMON)
                0x0080018e                PROVIDE (__bss_end, .)
                0x00000f02                __data_load_start = LOADADDR (.data)
                0x00000f7e                __data_load_end = (__data_load_start + SIZEOF (.data))

.noinit         0x0080018e        0x0
                [!provide]                PROVIDE (__noinit_start, .)
 *(.noinit*)
                [!provide]                PROVIDE (__noinit_end, .)
                0x0080018e                _end = .
                [!provide]                PROVIDE (__heap_start, .)

.eeprom         0x00810000        0x0
 *(.eeprom*)
                0x00810000                __eeprom_end = .

.fuse
 *(.fuse)
 *(.lfuse)
 *(.hfuse)
 *(.efuse)

.lock
 *(.lock*)

.signature
 *(.signature*)

.user_signatures
 *(.user_signatures*)

.stab
 *(.stab)

.stabstr
 *(.stabstr)

.stab.excl
 *(.stab.excl)

.stab.exclstr
 *(.stab.exclstr)

.stab.index
 *(.stab.index)

.stab.indexstr
 *(.stab.indexstr)

.comment        0x00000000       0x30
 *(.comment)
 .comment       0x00000000       0x30 GPIO/GPIO.o
                                 0x31 (size before relaxing)
 .comment       0x00000030       0x31 main.o
 .comment       0x00000030       0x31 nRF/nRF.o
 .comment       0x00000030       0x31 SPI/SPI.o
 .comment       0x00000030       0x31 UART/uart.o

.note.gnu.avr.deviceinfo
                0x00000000       0x40
 .note.gnu.avr.deviceinfo
                0x00000000       0x40 C:/Program Files (x86)/Atmel/Studio/7.0/Packs/atmel/ATmega_DFP/1.2.209/gcc/dev/atmega168a/avr5/crtatmega168a.o

.note.gnu.build-id
 *(.note.gnu.build-id)

.debug
 *(.debug)

.line
 *(.line)

.debug_srcinfo
 *(.debug_srcinfo)

.debug_sfnames
 *(.debug_sfnames)

.debug_aranges  0x00000000      0x228
 *(.debug_aranges)
 .debug_aranges
                0x00000000       0x48 GPIO/GPIO.o
 .debug_aranges
                0x00000048       0x28 main.o
 .debug_aranges
                0x00000070      0x148 nRF/nRF.o
 .debug_aranges
                0x000001b8       0x38 SPI/SPI.o
 .debug_aranges
                0x000001f0       0x38 UART/uart.o

.debug_pubnames
 *(.debug_pubnames)

.debug_info     0x00000000     0x2303
 *(.debug_info .gnu.linkonce.wi.*)
 .debug_info    0x00000000      0x5f4 C:/Program Files (x86)/Atmel/Studio/7.0/Packs/atmel/ATmega_DFP/1.2.209/gcc/dev/atmega168a/avr5/crtatmega168a.o
 .debug_info    0x000005f4      0x1dc GPIO/GPIO.o
 .debug_info    0x000007d0      0x515 main.o
 .debug_info    0x00000ce5     0x122b nRF/nRF.o
 .debug_info    0x00001f10      0x226 SPI/SPI.o
 .debug_info    0x00002136      0x1cd UART/uart.o

.debug_abbrev   0x00000000      0xd7b
 *(.debug_abbrev)
 .debug_abbrev  0x00000000      0x5a2 C:/Program Files (x86)/Atmel/Studio/7.0/Packs/atmel/ATmega_DFP/1.2.209/gcc/dev/atmega168a/avr5/crtatmega168a.o
 .debug_abbrev  0x000005a2       0xa8 GPIO/GPIO.o
 .debug_abbrev  0x0000064a      0x18d main.o
 .debug_abbrev  0x000007d7      0x344 nRF/nRF.o
 .debug_abbrev  0x00000b1b      0x12e SPI/SPI.o
 .debug_abbrev  0x00000c49      0x132 UART/uart.o

.debug_line     0x00000000     0x102e
 *(.debug_line .debug_line.* .debug_line_end)
 .debug_line    0x00000000      0x133 C:/Program Files (x86)/Atmel/Studio/7.0/Packs/atmel/ATmega_DFP/1.2.209/gcc/dev/atmega168a/avr5/crtatmega168a.o
 .debug_line    0x00000133      0x140 GPIO/GPIO.o
 .debug_line    0x00000273      0x286 main.o
 .debug_line    0x000004f9      0x853 nRF/nRF.o
 .debug_line    0x00000d4c      0x171 SPI/SPI.o
 .debug_line    0x00000ebd      0x171 UART/uart.o

.debug_frame    0x00000000      0x644
 *(.debug_frame)
 .debug_frame   0x00000000       0xd4 GPIO/GPIO.o
 .debug_frame   0x000000d4       0x54 main.o
 .debug_frame   0x00000128      0x3f4 nRF/nRF.o
 .debug_frame   0x0000051c       0xbc SPI/SPI.o
 .debug_frame   0x000005d8       0x6c UART/uart.o

.debug_str      0x00000000      0x8aa
 *(.debug_str)
 .debug_str     0x00000000      0x208 C:/Program Files (x86)/Atmel/Studio/7.0/Packs/atmel/ATmega_DFP/1.2.209/gcc/dev/atmega168a/avr5/crtatmega168a.o
 .debug_str     0x00000208      0x19f GPIO/GPIO.o
                                0x1d3 (size before relaxing)
 .debug_str     0x000003a7      0x16e main.o
                                0x329 (size before relaxing)
 .debug_str     0x00000515      0x33a nRF/nRF.o
                                0x5c3 (size before relaxing)
 .debug_str     0x0000084f       0x1d SPI/SPI.o
                                0x1d3 (size before relaxing)
 .debug_str     0x0000086c       0x3e UART/uart.o
                                0x1cb (size before relaxing)

.debug_loc      0x00000000     0x1668
 *(.debug_loc)
 .debug_loc     0x00000000      0x1aa GPIO/GPIO.o
 .debug_loc     0x000001aa      0x112 main.o
 .debug_loc     0x000002bc     0x102e nRF/nRF.o
 .debug_loc     0x000012ea      0x259 SPI/SPI.o
 .debug_loc     0x00001543      0x125 UART/uart.o

.debug_macinfo
 *(.debug_macinfo)

.debug_weaknames
 *(.debug_weaknames)

.debug_funcnames
 *(.debug_funcnames)

.debug_typenames
 *(.debug_typenames)

.debug_varnames
 *(.debug_varnames)

.debug_pubtypes
 *(.debug_pubtypes)

.debug_ranges   0x00000000      0x1d8
 *(.debug_ranges)
 .debug_ranges  0x00000000       0x38 GPIO/GPIO.o
 .debug_ranges  0x00000038       0x18 main.o
 .debug_ranges  0x00000050      0x138 nRF/nRF.o
 .debug_ranges  0x00000188       0x28 SPI/SPI.o
 .debug_ranges  0x000001b0       0x28 UART/uart.o

.debug_macro
 *(.debug_macro)
OUTPUT(Program_nRF.elf elf32-avr)
LOAD linker stubs
